current directory: /Users/gimseung-yeon/Documents/GitHub/checkmate/checkmate-frontend/Checkmate/vendor/bundle/ruby/3.2.0/gems/prism-1.7.0/ext/prism
/Users/gimseung-yeon/.rbenv/versions/3.2.0/bin/ruby -I /Users/gimseung-yeon/.rbenv/versions/3.2.0/lib/ruby/3.2.0 extconf.rb
checking for prism.h in /Users/gimseung-yeon/Documents/GitHub/checkmate/checkmate-frontend/Checkmate/vendor/bundle/ruby/3.2.0/gems/prism-1.7.0/include... *** extconf.rb failed ***
Could not create Makefile due to some reason, probably lack of necessary
libraries and/or headers.  Check the mkmf.log file for more details.  You may
need configuration options.

Provided configuration options:
	--with-opt-dir
	--without-opt-dir
	--with-opt-include
	--without-opt-include=${opt-dir}/include
	--with-opt-lib
	--without-opt-lib=${opt-dir}/lib
	--with-make-prog
	--without-make-prog
	--srcdir=.
	--curdir
	--ruby=/Users/gimseung-yeon/.rbenv/versions/3.2.0/bin/$(RUBY_BASE_NAME)
/Users/gimseung-yeon/.rbenv/versions/3.2.0/lib/ruby/3.2.0/mkmf.rb:490:in `try_do': The compiler failed to generate an executable file. (RuntimeError)
You have to install development tools first.

	from /Users/gimseung-yeon/.rbenv/versions/3.2.0/lib/ruby/3.2.0/mkmf.rb:616:in `block in try_compile'
	from /Users/gimseung-yeon/.rbenv/versions/3.2.0/lib/ruby/3.2.0/mkmf.rb:565:in `with_werror'
	from /Users/gimseung-yeon/.rbenv/versions/3.2.0/lib/ruby/3.2.0/mkmf.rb:616:in `try_compile'
	from /Users/gimseung-yeon/.rbenv/versions/3.2.0/lib/ruby/3.2.0/mkmf.rb:1210:in `block in find_header'
	from /Users/gimseung-yeon/.rbenv/versions/3.2.0/lib/ruby/3.2.0/mkmf.rb:989:in `block in checking_for'
	from /Users/gimseung-yeon/.rbenv/versions/3.2.0/lib/ruby/3.2.0/mkmf.rb:354:in `block (2 levels) in postpone'
	from /Users/gimseung-yeon/.rbenv/versions/3.2.0/lib/ruby/3.2.0/mkmf.rb:324:in `open'
	from /Users/gimseung-yeon/.rbenv/versions/3.2.0/lib/ruby/3.2.0/mkmf.rb:354:in `block in postpone'
	from /Users/gimseung-yeon/.rbenv/versions/3.2.0/lib/ruby/3.2.0/mkmf.rb:324:in `open'
	from /Users/gimseung-yeon/.rbenv/versions/3.2.0/lib/ruby/3.2.0/mkmf.rb:350:in `postpone'
	from /Users/gimseung-yeon/.rbenv/versions/3.2.0/lib/ruby/3.2.0/mkmf.rb:988:in `checking_for'
	from /Users/gimseung-yeon/.rbenv/versions/3.2.0/lib/ruby/3.2.0/mkmf.rb:1209:in `find_header'
	from extconf.rb:77:in `<main>'

To see why this extension failed to compile, please check the mkmf.log which can be found here:

  /Users/gimseung-yeon/Documents/GitHub/checkmate/checkmate-frontend/Checkmate/vendor/bundle/ruby/3.2.0/extensions/arm64-darwin-24/3.2.0/prism-1.7.0/mkmf.log

extconf failed, exit code 1
